﻿
> frontend@0.0.0 build
> vite build

[36mvite v7.3.1 [32mbuilding client environment for production...[36m[39m
transforming...
[32mΓ£ô[39m 710 modules transformed.
node.exe : 
[31mΓ£ù[39m Build 
failed in 1.92s
At C:\Program Files\nod
ejs\npm.ps1:29 char:3
+   & $NODE_EXE 
$NPM_CLI_JS $args
+   ~~~~~~~~~~~~~~~~~~~
~~~~~~~~~~
    + CategoryInfo     
         : NotSpecifi  
  ed: ([31mΓ£ù[39m   
  Build failed in 1    
.92s:String) [], R    
emoteException
    + FullyQualifiedEr 
   rorId : NativeComm  
  andError
 
[31merror during 
build:
[31msrc/pages/admin/Ad
minDashboard.jsx 
(8:22): "MdFlash" is 
not exported by "node_m
odules/react-icons/md/i
ndex.mjs", imported by 
"src/pages/admin/AdminD
ashboard.jsx".[31m
file: [36mZ:/projects/
Project-77/frontend/src
/pages/admin/AdminDashb
oard.jsx:8:22[31m
[33m
 6: import {
 7:     MdDashboard, 
MdTrendingUp, 
MdWarning, 
MdCheckCircle,
 8:     
MdHourglassEmpty, 
MdFlash, 
MdArrowUpward, 
MdArrowDownward,
                       
   ^
 9:     MdRefresh, 
MdNotificationsActive, 
MdListAlt
10: } from 
'react-icons/md';
[31m
    at getRollupError (
file:///Z:/projects/Pro
ject-77/frontend/node_m
odules/rollup/dist/es/s
hared/parseAst.js:402:4
1)
    at error (file:///Z
:/projects/Project-77/f
rontend/node_modules/ro
llup/dist/es/shared/par
seAst.js:398:42)
    at Module.error (fi
le:///Z:/projects/Proje
ct-77/frontend/node_mod
ules/rollup/dist/es/sha
red/node-entry.js:17040
:16)
    at 
Module.traceVariable (f
ile:///Z:/projects/Proj
ect-77/frontend/node_mo
dules/rollup/dist/es/sh
ared/node-entry.js:1745
2:29)
    at ModuleScope.find
Variable (file:///Z:/pr
ojects/Project-77/front
end/node_modules/rollup
/dist/es/shared/node-en
try.js:15070:39)
    at FunctionScope.fi
ndVariable (file:///Z:/
projects/Project-77/fro
ntend/node_modules/roll
up/dist/es/shared/node-
entry.js:5673:38)
    at FunctionBodyScop
e.findVariable (file://
/Z:/projects/Project-77
/frontend/node_modules/
rollup/dist/es/shared/n
ode-entry.js:5673:38)
    at Identifier.bind 
(file:///Z:/projects/Pr
oject-77/frontend/node_
modules/rollup/dist/es/
shared/node-entry.js:54
47:40)
    at 
CallExpression.bind (fi
le:///Z:/projects/Proje
ct-77/frontend/node_mod
ules/rollup/dist/es/sha
red/node-entry.js:2825:
28)
    at 
CallExpression.bind (fi
le:///Z:/projects/Proje
ct-77/frontend/node_mod
ules/rollup/dist/es/sha
red/node-entry.js:12179
:15)[39m
